// Vitest Snapshot v1, https://vitest.dev/guide/snapshot.html

exports[`integración bot ↔ contrato (5.8) > snapshot: la secuencia de acciones del bot (seed 1) queda fijada por el contrato 1`] = `
[
  "mulligan_realizado",
  "mulligan_realizado",
  "partida_iniciada",
  "turno_iniciado",
  "fase_iniciada",
  "carta_robada",
  "fase_iniciada",
  "eter_pagado",
  "carta_salida_de_zona",
  "carta_entrada_a_zona",
  "carta_invocada",
  "eter_pagado",
  "carta_robada",
  "carta_robada",
  "carta_salida_de_zona",
  "carta_entrada_a_zona",
  "carta_invocada",
  "eter_pagado",
  "carta_salida_de_zona",
  "carta_entrada_a_zona",
  "carta_invocada",
  "eter_pagado",
  "carta_salida_de_zona",
  "carta_entrada_a_zona",
  "carta_invocada",
  "eter_pagado",
  "carta_salida_de_zona",
  "carta_entrada_a_zona",
  "carta_invocada",
  "fase_iniciada",
  "fase_iniciada",
  "turno_iniciado",
  "fase_iniciada",
  "carta_robada",
  "fase_iniciada",
  "eter_pagado",
  "carta_salida_de_zona",
  "carta_entrada_a_zona",
  "carta_invocada",
  "eter_pagado",
  "carta_descartada",
  "carta_descartada",
  "carta_salida_de_zona",
  "carta_entrada_a_zona",
  "carta_invocada",
  "eter_pagado",
  "carta_salida_de_zona",
  "carta_entrada_a_zona",
  "carta_invocada",
  "eter_pagado",
  "carta_salida_de_zona",
  "carta_entrada_a_zona",
  "carta_invocada",
  "eter_pagado",
  "carta_salida_de_zona",
  "carta_entrada_a_zona",
  "carta_invocada",
  "carta_salida_de_zona",
  "carta_entrada_a_zona",
  "carta_invocada",
  "fase_iniciada",
  "fase_iniciada",
  "turno_iniciado",
  "fase_iniciada",
  "eter_reagrupado",
  "carta_robada",
  "fase_iniciada",
  "eter_bloqueado",
  "eter_pagado",
  "eter_pagado",
  "eter_pagado",
  "carta_salida_de_zona",
  "carta_entrada_a_zona",
  "carta_invocada",
  "carta_activada",
  "eter_bloqueado",
  "fase_iniciada",
  "fase_iniciada",
  "turno_iniciado",
  "fase_iniciada",
  "eter_reagrupado",
  "carta_robada",
  "fase_iniciada",
  "eter_pagado",
  "carta_muerta",
  "destruccion",
  "eter_pagado",
  "eter_pagado",
  "carta_descartada",
  "carta_salida_de_zona",
  "carta_entrada_a_zona",
  "carta_invocada",
  "prioridad_pasada",
  "prioridad_pasada",
  "carta_activada",
  "eter_bloqueado",
  "fase_iniciada",
  "fase_iniciada",
  "turno_iniciado",
  "fase_iniciada",
  "eter_reagrupado",
  "carta_robada",
  "fase_iniciada",
  "eter_bloqueado",
  "eter_pagado",
  "carta_salida_de_zona",
  "carta_entrada_a_zona",
  "carta_invocada",
  "prioridad_pasada",
  "prioridad_pasada",
  "fase_iniciada",
  "fase_iniciada",
  "turno_iniciado",
  "fase_iniciada",
  "eter_reagrupado",
  "carta_robada",
  "fase_iniciada",
  "eter_pagado",
  "carta_salida_de_zona",
  "carta_entrada_a_zona",
  "carta_invocada",
  "carta_activada",
  "prioridad_pasada",
  "prioridad_pasada",
  "fase_iniciada",
  "fase_iniciada",
  "turno_iniciado",
  "fase_iniciada",
  "eter_reagrupado",
  "carta_robada",
  "fase_iniciada",
  "eter_pagado",
  "carta_salida_de_zona",
  "carta_entrada_a_zona",
  "carta_invocada",
  "prioridad_pasada",
  "prioridad_pasada",
  "eter_bloqueado",
  "fase_iniciada",
  "fase_iniciada",
  "turno_iniciado",
  "fase_iniciada",
  "eter_reagrupado",
  "carta_robada",
  "fase_iniciada",
  "eter_pagado",
  "carta_salida_de_zona",
  "carta_entrada_a_zona",
  "carta_invocada",
  "prioridad_pasada",
  "prioridad_pasada",
  "fase_iniciada",
  "fase_iniciada",
  "turno_iniciado",
  "fase_iniciada",
  "eter_reagrupado",
  "carta_robada",
  "fase_iniciada",
  "eter_pagado",
  "carta_salida_de_zona",
  "carta_entrada_a_zona",
  "carta_invocada",
  "prioridad_pasada",
  "prioridad_pasada",
  "carta_activada",
  "fase_iniciada",
  "fase_iniciada",
  "turno_iniciado",
  "fase_iniciada",
  "eter_reagrupado",
  "carta_robada",
  "fase_iniciada",
  "eter_pagado",
  "fase_iniciada",
  "fase_iniciada",
  "turno_iniciado",
  "fase_iniciada",
  "eter_reagrupado",
  "carta_robada",
  "fase_iniciada",
  "fase_iniciada",
  "fase_iniciada",
  "turno_iniciado",
  "fase_iniciada",
  "eter_reagrupado",
  "carta_robada",
  "fase_iniciada",
  "carta_salida_de_zona",
  "carta_entrada_a_zona",
  "carta_invocada",
  "fase_iniciada",
  "fase_iniciada",
  "turno_iniciado",
  "fase_iniciada",
  "carta_robada",
  "fase_iniciada",
  "fase_iniciada",
  "fase_iniciada",
  "turno_iniciado",
  "fase_iniciada",
  "carta_robada",
  "fase_iniciada",
  "carta_salida_de_zona",
  "carta_entrada_a_zona",
  "carta_invocada",
  "fase_iniciada",
  "fase_iniciada",
  "turno_iniciado",
  "fase_iniciada",
  "carta_robada",
  "fase_iniciada",
  "fase_iniciada",
  "fase_iniciada",
  "turno_iniciado",
  "fase_iniciada",
  "carta_robada",
  "fase_iniciada",
  "fase_iniciada",
  "fase_iniciada",
  "turno_iniciado",
  "fase_iniciada",
  "carta_robada",
  "fase_iniciada",
  "fase_iniciada",
  "fase_iniciada",
  "turno_iniciado",
  "fase_iniciada",
  "carta_robada",
  "fase_iniciada",
  "fase_iniciada",
  "fase_iniciada",
  "turno_iniciado",
  "fase_iniciada",
  "carta_robada",
  "fase_iniciada",
  "fase_iniciada",
  "fase_iniciada",
  "turno_iniciado",
  "fase_iniciada",
  "carta_robada",
  "fase_iniciada",
  "fase_iniciada",
  "fase_iniciada",
  "turno_iniciado",
  "fase_iniciada",
  "carta_robada",
  "fase_iniciada",
  "fase_iniciada",
  "fase_iniciada",
  "turno_iniciado",
  "fase_iniciada",
  "carta_robada",
  "fase_iniciada",
  "fase_iniciada",
  "fase_iniciada",
  "turno_iniciado",
  "fase_iniciada",
  "carta_robada",
  "fase_iniciada",
  "fase_iniciada",
  "fase_iniciada",
  "carta_descartada",
  "turno_iniciado",
  "fase_iniciada",
  "carta_robada",
  "fase_iniciada",
  "fase_iniciada",
  "fase_iniciada",
  "turno_iniciado",
  "fase_iniciada",
  "carta_robada",
  "fase_iniciada",
  "fase_iniciada",
  "fase_iniciada",
  "carta_descartada",
  "turno_iniciado",
  "fase_iniciada",
  "carta_robada",
  "fase_iniciada",
  "fase_iniciada",
  "fase_iniciada",
  "carta_descartada",
  "turno_iniciado",
  "fase_iniciada",
  "carta_robada",
  "fase_iniciada",
  "fase_iniciada",
  "fase_iniciada",
  "carta_muerta",
  "destruccion",
  "carta_descartada",
  "turno_iniciado",
  "fase_iniciada",
  "carta_robada",
  "fase_iniciada",
  "eter_pagado",
  "carta_salida_de_zona",
  "carta_entrada_a_zona",
  "carta_invocada",
  "prioridad_pasada",
  "prioridad_pasada",
  "fase_iniciada",
  "fase_iniciada",
  "turno_iniciado",
  "fase_iniciada",
  "carta_robada",
  "fase_iniciada",
  "fase_iniciada",
  "fase_iniciada",
  "carta_descartada",
  "turno_iniciado",
  "fase_iniciada",
  "eter_reagrupado",
  "carta_robada",
  "fase_iniciada",
  "fase_iniciada",
  "fase_iniciada",
  "carta_descartada",
  "turno_iniciado",
  "fase_iniciada",
  "carta_robada",
  "fase_iniciada",
  "fase_iniciada",
  "fase_iniciada",
  "carta_descartada",
  "turno_iniciado",
  "fase_iniciada",
  "carta_robada",
  "fase_iniciada",
  "fase_iniciada",
  "fase_iniciada",
  "carta_descartada",
  "turno_iniciado",
  "fase_iniciada",
  "carta_robada",
  "fase_iniciada",
  "carta_salida_de_zona",
  "carta_entrada_a_zona",
  "carta_invocada",
  "fase_iniciada",
  "fase_iniciada",
  "turno_iniciado",
  "fase_iniciada",
  "carta_robada",
  "fase_iniciada",
  "fase_iniciada",
  "fase_iniciada",
  "carta_descartada",
  "turno_iniciado",
  "fase_iniciada",
  "carta_robada",
  "fase_iniciada",
  "carta_salida_de_zona",
  "carta_entrada_a_zona",
  "carta_invocada",
  "carta_activada",
  "fase_iniciada",
  "fase_iniciada",
  "turno_iniciado",
  "fase_iniciada",
  "carta_robada",
  "fase_iniciada",
  "fase_iniciada",
  "fase_iniciada",
  "carta_descartada",
  "turno_iniciado",
  "fase_iniciada",
  "carta_robada",
  "fase_iniciada",
  "eter_pagado",
  "carta_activada",
  "fase_iniciada",
  "fase_iniciada",
  "eter_reagrupado",
  "carta_descartada",
  "turno_iniciado",
  "fase_iniciada",
  "carta_robada",
  "fase_iniciada",
  "fase_iniciada",
  "fase_iniciada",
  "carta_descartada",
  "turno_iniciado",
  "fase_iniciada",
  "eter_reagrupado",
  "carta_robada",
  "fase_iniciada",
  "fase_iniciada",
  "fase_iniciada",
  "eter_reagrupado",
  "carta_descartada",
  "turno_iniciado",
  "fase_iniciada",
  "carta_robada",
  "fase_iniciada",
  "fase_iniciada",
  "fase_iniciada",
  "carta_muerta",
  "destruccion",
  "carta_descartada",
  "turno_iniciado",
  "fase_iniciada",
  "eter_reagrupado",
  "carta_robada",
  "fase_iniciada",
  "eter_pagado",
  "carta_salida_de_zona",
  "carta_entrada_a_zona",
  "carta_salida_de_zona",
  "carta_entrada_a_zona",
  "carta_invocada",
  "prioridad_pasada",
  "prioridad_pasada",
  "eter_pagado",
  "carta_robada",
  "carta_salida_de_zona",
  "carta_entrada_a_zona",
  "carta_invocada",
  "prioridad_pasada",
  "prioridad_pasada",
  "eter_bloqueado",
  "fase_iniciada",
  "fase_iniciada",
  "turno_iniciado",
  "fase_iniciada",
  "carta_robada",
  "fase_iniciada",
  "fase_iniciada",
  "fase_iniciada",
  "carta_descartada",
  "turno_iniciado",
  "fase_iniciada",
  "eter_reagrupado",
  "eter_reagrupado",
  "carta_robada",
  "fase_iniciada",
  "eter_pagado",
  "eter_bloqueado",
  "eter_bloqueado",
  "eter_bloqueado",
  "fase_iniciada",
  "fase_iniciada",
  "carta_descartada",
  "turno_iniciado",
  "fase_iniciada",
  "carta_robada",
  "fase_iniciada",
  "fase_iniciada",
  "fase_iniciada",
  "carta_descartada",
  "turno_iniciado",
  "fase_iniciada",
  "eter_reagrupado",
  "eter_reagrupado",
  "eter_reagrupado",
  "carta_robada",
  "fase_iniciada",
  "eter_bloqueado",
  "carta_salida_de_zona",
  "carta_entrada_a_zona",
  "carta_invocada",
  "eter_bloqueado",
  "fase_iniciada",
  "fase_iniciada",
  "turno_iniciado",
  "fase_iniciada",
  "carta_robada",
  "fase_iniciada",
  "fase_iniciada",
  "fase_iniciada",
  "carta_descartada",
  "turno_iniciado",
  "fase_iniciada",
  "eter_reagrupado",
  "eter_reagrupado",
  "carta_robada",
  "fase_iniciada",
  "eter_bloqueado",
  "eter_bloqueado",
  "fase_iniciada",
  "fase_iniciada",
  "carta_descartada",
  "turno_iniciado",
  "fase_iniciada",
  "carta_robada",
  "fase_iniciada",
  "fase_iniciada",
  "fase_iniciada",
  "carta_descartada",
  "turno_iniciado",
  "fase_iniciada",
  "eter_reagrupado",
  "eter_reagrupado",
  "carta_robada",
  "fase_iniciada",
  "eter_bloqueado",
  "eter_bloqueado",
  "fase_iniciada",
  "fase_iniciada",
  "carta_robada",
  "carta_descartada",
  "carta_descartada",
  "turno_iniciado",
  "fase_iniciada",
  "carta_robada",
  "fase_iniciada",
  "fase_iniciada",
  "fase_iniciada",
  "carta_descartada",
  "turno_iniciado",
  "fase_iniciada",
  "eter_reagrupado",
  "eter_reagrupado",
  "carta_robada",
  "fase_iniciada",
  "eter_bloqueado",
  "eter_bloqueado",
  "fase_iniciada",
  "fase_iniciada",
  "eter_reagrupado",
  "carta_descartada",
  "turno_iniciado",
  "fase_iniciada",
  "carta_robada",
  "fase_iniciada",
  "fase_iniciada",
  "fase_iniciada",
  "carta_descartada",
  "turno_iniciado",
  "fase_iniciada",
  "eter_reagrupado",
  "eter_reagrupado",
  "carta_robada",
  "fase_iniciada",
  "eter_bloqueado",
  "eter_bloqueado",
  "fase_iniciada",
  "fase_iniciada",
  "carta_muerta",
  "destruccion",
  "carta_muerta",
  "destruccion",
  "carta_descartada",
  "turno_iniciado",
  "fase_iniciada",
  "carta_robada",
  "fase_iniciada",
  "eter_pagado",
  "carta_salida_de_zona",
  "carta_entrada_a_zona",
  "carta_invocada",
  "prioridad_pasada",
  "prioridad_pasada",
  "fase_iniciada",
  "fase_iniciada",
  "turno_iniciado",
  "fase_iniciada",
  "eter_reagrupado",
  "eter_reagrupado",
  "carta_robada",
  "fase_iniciada",
  "eter_bloqueado",
  "eter_bloqueado",
  "fase_iniciada",
  "fase_iniciada",
  "carta_descartada",
  "turno_iniciado",
  "fase_iniciada",
  "eter_reagrupado",
  "carta_robada",
  "fase_iniciada",
  "fase_iniciada",
  "fase_iniciada",
  "carta_descartada",
  "turno_iniciado",
  "fase_iniciada",
  "eter_reagrupado",
  "eter_reagrupado",
  "carta_robada",
  "fase_iniciada",
  "eter_bloqueado",
  "eter_bloqueado",
  "fase_iniciada",
  "fase_iniciada",
  "carta_muerta",
  "destruccion",
  "carta_descartada",
  "turno_iniciado",
  "fase_iniciada",
  "carta_robada",
  "fase_iniciada",
  "fase_iniciada",
  "fase_iniciada",
  "carta_descartada",
  "turno_iniciado",
  "fase_iniciada",
  "eter_reagrupado",
  "eter_reagrupado",
  "carta_robada",
  "fase_iniciada",
  "eter_bloqueado",
  "eter_bloqueado",
  "fase_iniciada",
  "fase_iniciada",
  "carta_muerta",
  "destruccion",
  "carta_descartada",
  "turno_iniciado",
  "fase_iniciada",
  "carta_robada",
  "fase_iniciada",
  "fase_iniciada",
  "fase_iniciada",
  "carta_descartada",
  "turno_iniciado",
  "fase_iniciada",
  "eter_reagrupado",
  "eter_reagrupado",
  "carta_robada",
  "fase_iniciada",
  "eter_bloqueado",
  "eter_bloqueado",
  "fase_iniciada",
  "fase_iniciada",
  "carta_muerta",
  "destruccion",
  "carta_robada",
  "carta_descartada",
  "carta_descartada",
  "turno_iniciado",
  "fase_iniciada",
  "carta_robada",
  "fase_iniciada",
  "fase_iniciada",
  "fase_iniciada",
  "carta_descartada",
  "turno_iniciado",
  "fase_iniciada",
  "eter_reagrupado",
  "eter_reagrupado",
  "carta_robada",
  "fase_iniciada",
  "eter_bloqueado",
  "eter_bloqueado",
  "fase_iniciada",
  "fase_iniciada",
  "carta_muerta",
  "destruccion",
  "carta_descartada",
  "turno_iniciado",
  "fase_iniciada",
  "carta_robada",
  "fase_iniciada",
  "fase_iniciada",
  "fase_iniciada",
  "carta_descartada",
  "turno_iniciado",
  "fase_iniciada",
  "eter_reagrupado",
  "eter_reagrupado",
  "carta_robada",
  "fase_iniciada",
  "eter_bloqueado",
  "eter_bloqueado",
  "fase_iniciada",
  "fase_iniciada",
  "carta_muerta",
  "destruccion",
  "carta_descartada",
  "turno_iniciado",
  "fase_iniciada",
  "carta_robada",
  "fase_iniciada",
  "fase_iniciada",
  "fase_iniciada",
  "carta_descartada",
  "turno_iniciado",
  "fase_iniciada",
  "eter_reagrupado",
  "eter_reagrupado",
  "carta_robada",
  "fase_iniciada",
  "eter_bloqueado",
  "eter_bloqueado",
  "fase_iniciada",
  "fase_iniciada",
  "carta_muerta",
  "destruccion",
  "carta_descartada",
  "turno_iniciado",
  "fase_iniciada",
  "carta_robada",
  "fase_iniciada",
  "eter_pagado",
  "carta_salida_de_zona",
  "carta_entrada_a_zona",
  "carta_invocada",
  "prioridad_pasada",
  "prioridad_pasada",
  "fase_iniciada",
  "fase_iniciada",
  "turno_iniciado",
  "fase_iniciada",
  "eter_reagrupado",
  "eter_reagrupado",
  "carta_robada",
  "fase_iniciada",
  "eter_bloqueado",
  "eter_bloqueado",
  "fase_iniciada",
  "fase_iniciada",
  "carta_descartada",
  "turno_iniciado",
  "fase_iniciada",
  "eter_reagrupado",
  "carta_robada",
  "fase_iniciada",
  "eter_pagado",
  "carta_descartada",
  "carta_descartada",
  "carta_salida_de_zona",
  "carta_salida_de_zona",
  "carta_entrada_a_zona",
  "carta_salida_de_zona",
  "carta_entrada_a_zona",
  "carta_entrada_a_zona",
  "carta_salida_de_zona",
  "carta_entrada_a_zona",
  "carta_invocada",
  "prioridad_pasada",
  "prioridad_pasada",
  "eter_pagado",
  "carta_salida_de_zona",
  "carta_entrada_a_zona",
  "carta_invocada",
  "prioridad_pasada",
  "prioridad_pasada",
  "carta_activada",
  "eter_pagado",
  "carta_salida_de_zona",
  "carta_entrada_a_zona",
  "carta_invocada",
  "prioridad_pasada",
  "prioridad_pasada",
  "carta_activada",
  "eter_bloqueado",
  "fase_iniciada",
  "fase_iniciada",
  "turno_iniciado",
  "fase_iniciada",
  "eter_reagrupado",
  "eter_reagrupado",
  "carta_robada",
  "fase_iniciada",
  "eter_bloqueado",
  "eter_bloqueado",
  "fase_iniciada",
  "fase_iniciada",
  "turno_iniciado",
  "fase_iniciada",
  "eter_reagrupado",
  "eter_reagrupado",
  "carta_robada",
  "fase_iniciada",
  "eter_bloqueado",
  "carta_muerta",
  "destruccion",
  "eter_pagado",
  "carta_activada",
  "prioridad_pasada",
  "prioridad_pasada",
  "fase_iniciada",
  "fase_iniciada",
  "turno_iniciado",
  "fase_iniciada",
  "eter_reagrupado",
  "eter_reagrupado",
  "carta_robada",
  "fase_iniciada",
  "eter_pagado",
  "carta_salida_de_zona",
  "carta_entrada_a_zona",
  "carta_invocada",
  "prioridad_pasada",
  "prioridad_pasada",
  "eter_bloqueado",
  "eter_bloqueado",
  "fase_iniciada",
  "fase_iniciada",
  "turno_iniciado",
  "fase_iniciada",
  "eter_reagrupado",
  "eter_reagrupado",
  "carta_robada",
  "fase_iniciada",
  "eter_bloqueado",
  "fase_iniciada",
  "fase_iniciada",
  "turno_iniciado",
  "fase_iniciada",
  "eter_reagrupado",
  "eter_reagrupado",
  "eter_reagrupado",
  "mazo_agotado",
  "partida_terminada",
]
`;
